2026-05-03 15:20:42,834 | INFO | sqlalchemy.engine.Engine | select pg_catalog.version()
2026-05-03 15:20:42,835 | INFO | sqlalchemy.engine.Engine | [raw sql] {}
2026-05-03 15:20:42,838 | INFO | sqlalchemy.engine.Engine | select current_schema()
2026-05-03 15:20:42,839 | INFO | sqlalchemy.engine.Engine | [raw sql] {}
2026-05-03 15:20:42,841 | INFO | sqlalchemy.engine.Engine | show standard_conforming_strings
2026-05-03 15:20:42,842 | INFO | sqlalchemy.engine.Engine | [raw sql] {}
2026-05-03 15:20:42,843 | INFO | sqlalchemy.engine.Engine | BEGIN (implicit)
2026-05-03 15:20:42,847 | INFO | sqlalchemy.engine.Engine | SELECT pg_catalog.pg_class.relname 
FROM pg_catalog.pg_class JOIN pg_catalog.pg_namespace ON pg_catalog.pg_namespace.oid = pg_catalog.pg_class.relnamespace 
WHERE pg_catalog.pg_class.relname = %(table_name)s AND pg_catalog.pg_class.relkind = ANY (ARRAY[%(param_1)s, %(param_2)s, %(param_3)s, %(param_4)s, %(param_5)s]) AND pg_catalog.pg_table_is_visible(pg_catalog.pg_class.oid) AND pg_catalog.pg_namespace.nspname != %(nspname_1)s
2026-05-03 15:20:42,848 | INFO | sqlalchemy.engine.Engine | [generated in 0.00112s] {'table_name': 'checkpoints', 'param_1': 'r', 'param_2': 'p', 'param_3': 'f', 'param_4': 'v', 'param_5': 'm', 'nspname_1': 'pg_catalog'}
2026-05-03 15:20:42,859 | INFO | sqlalchemy.engine.Engine | 
CREATE TABLE checkpoints (
	id SERIAL NOT NULL, 
	user_id INTEGER NOT NULL, 
	answers JSON NOT NULL, 
	current_question INTEGER NOT NULL, 
	timestamp TIMESTAMP WITHOUT TIME ZONE, 
	PRIMARY KEY (id)
)


2026-05-03 15:20:42,859 | INFO | sqlalchemy.engine.Engine | [no key 0.00051s] {}
2026-05-03 15:20:43,082 | INFO | sqlalchemy.engine.Engine | CREATE INDEX ix_checkpoints_user_id ON checkpoints (user_id)
2026-05-03 15:20:43,084 | INFO | sqlalchemy.engine.Engine | [no key 0.00166s] {}
2026-05-03 15:20:43,090 | INFO | sqlalchemy.engine.Engine | CREATE INDEX ix_checkpoints_id ON checkpoints (id)
2026-05-03 15:20:43,091 | INFO | sqlalchemy.engine.Engine | [no key 0.00180s] {}
2026-05-03 15:20:43,097 | INFO | sqlalchemy.engine.Engine | COMMIT
2026-05-03 16:25:51,407 | INFO | sqlalchemy.engine.Engine | select pg_catalog.version()
2026-05-03 16:25:51,408 | INFO | sqlalchemy.engine.Engine | [raw sql] {}
2026-05-03 16:25:51,413 | INFO | sqlalchemy.engine.Engine | select current_schema()
2026-05-03 16:25:51,415 | INFO | sqlalchemy.engine.Engine | [raw sql] {}
2026-05-03 16:25:51,416 | INFO | sqlalchemy.engine.Engine | show standard_conforming_strings
2026-05-03 16:25:51,417 | INFO | sqlalchemy.engine.Engine | [raw sql] {}
2026-05-03 16:25:51,418 | INFO | sqlalchemy.engine.Engine | BEGIN (implicit)
2026-05-03 16:25:51,424 | INFO | sqlalchemy.engine.Engine | SELECT pg_catalog.pg_class.relname 
FROM pg_catalog.pg_class JOIN pg_catalog.pg_namespace ON pg_catalog.pg_namespace.oid = pg_catalog.pg_class.relnamespace 
WHERE pg_catalog.pg_class.relname = %(table_name)s AND pg_catalog.pg_class.relkind = ANY (ARRAY[%(param_1)s, %(param_2)s, %(param_3)s, %(param_4)s, %(param_5)s]) AND pg_catalog.pg_table_is_visible(pg_catalog.pg_class.oid) AND pg_catalog.pg_namespace.nspname != %(nspname_1)s
2026-05-03 16:25:51,425 | INFO | sqlalchemy.engine.Engine | [generated in 0.00134s] {'table_name': 'checkpoints', 'param_1': 'r', 'param_2': 'p', 'param_3': 'f', 'param_4': 'v', 'param_5': 'm', 'nspname_1': 'pg_catalog'}
2026-05-03 16:25:51,432 | INFO | sqlalchemy.engine.Engine | COMMIT
2026-05-03 16:28:00,383 | INFO | sqlalchemy.engine.Engine | BEGIN (implicit)
2026-05-03 16:28:00,389 | INFO | sqlalchemy.engine.Engine | INSERT INTO checkpoints (user_id, answers, current_question, timestamp) VALUES (%(user_id)s, %(answers)s::JSON, %(current_question)s, %(timestamp)s) RETURNING checkpoints.id
2026-05-03 16:28:00,389 | INFO | sqlalchemy.engine.Engine | [generated in 0.00067s] {'user_id': 101, 'answers': '{"1": "A", "2": "C", "3": "B"}', 'current_question': 4, 'timestamp': datetime.datetime(2026, 5, 3, 10, 58, 0, 389500)}
2026-05-03 16:28:00,410 | INFO | sqlalchemy.engine.Engine | COMMIT
2026-05-03 16:28:00,415 | INFO | sqlalchemy.engine.Engine | BEGIN (implicit)
2026-05-03 16:28:00,418 | INFO | sqlalchemy.engine.Engine | SELECT checkpoints.id, checkpoints.user_id, checkpoints.answers, checkpoints.current_question, checkpoints.timestamp 
FROM checkpoints 
WHERE checkpoints.id = %(pk_1)s
2026-05-03 16:28:00,418 | INFO | sqlalchemy.engine.Engine | [generated in 0.00047s] {'pk_1': 1}
2026-05-03 16:28:00,420 | INFO | recovery_system | Checkpoint saved for user 101
2026-05-03 16:28:00,421 | INFO | sqlalchemy.engine.Engine | ROLLBACK
2026-05-03 16:30:05,290 | INFO | sqlalchemy.engine.Engine | BEGIN (implicit)
2026-05-03 16:30:05,291 | INFO | sqlalchemy.engine.Engine | INSERT INTO checkpoints (user_id, answers, current_question, timestamp) VALUES (%(user_id)s, %(answers)s::JSON, %(current_question)s, %(timestamp)s) RETURNING checkpoints.id
2026-05-03 16:30:05,292 | INFO | sqlalchemy.engine.Engine | [cached since 124.9s ago] {'user_id': 101, 'answers': '{"1": "A", "2": "C", "3": "B"}', 'current_question': 4, 'timestamp': datetime.datetime(2026, 5, 3, 11, 0, 5, 291068)}
2026-05-03 16:30:05,295 | INFO | sqlalchemy.engine.Engine | COMMIT
2026-05-03 16:30:05,296 | INFO | sqlalchemy.engine.Engine | BEGIN (implicit)
2026-05-03 16:30:05,297 | INFO | sqlalchemy.engine.Engine | SELECT checkpoints.id, checkpoints.user_id, checkpoints.answers, checkpoints.current_question, checkpoints.timestamp 
FROM checkpoints 
WHERE checkpoints.id = %(pk_1)s
2026-05-03 16:30:05,297 | INFO | sqlalchemy.engine.Engine | [cached since 124.9s ago] {'pk_1': 2}
2026-05-03 16:30:05,298 | INFO | recovery_system | Checkpoint saved for user 101
2026-05-03 16:30:05,299 | INFO | sqlalchemy.engine.Engine | ROLLBACK
2026-05-03 16:32:18,229 | INFO | sqlalchemy.engine.Engine | BEGIN (implicit)
2026-05-03 16:32:18,236 | INFO | sqlalchemy.engine.Engine | SELECT checkpoints.id AS checkpoints_id, checkpoints.user_id AS checkpoints_user_id, checkpoints.answers AS checkpoints_answers, checkpoints.current_question AS checkpoints_current_question, checkpoints.timestamp AS checkpoints_timestamp 
FROM checkpoints 
WHERE checkpoints.user_id = %(user_id_1)s ORDER BY checkpoints.timestamp DESC 
 LIMIT %(param_1)s
2026-05-03 16:32:18,237 | INFO | sqlalchemy.engine.Engine | [generated in 0.00120s] {'user_id_1': 101, 'param_1': 1}
2026-05-03 16:32:18,244 | INFO | recovery_system | Checkpoint fetched for user 101
2026-05-03 16:32:18,244 | INFO | recovery_system | Full recovery successful for user 101
2026-05-03 16:32:18,244 | INFO | recovery_system | Operation successful on attempt 1
2026-05-03 16:32:18,246 | INFO | sqlalchemy.engine.Engine | ROLLBACK
2026-05-03 16:36:50,429 | INFO | sqlalchemy.engine.Engine | BEGIN (implicit)
2026-05-03 16:36:50,441 | INFO | sqlalchemy.engine.Engine | SELECT checkpoints.id AS checkpoints_id, checkpoints.user_id AS checkpoints_user_id, checkpoints.answers AS checkpoints_answers, checkpoints.current_question AS checkpoints_current_question, checkpoints.timestamp AS checkpoints_timestamp 
FROM checkpoints 
WHERE checkpoints.user_id = %(user_id_1)s ORDER BY checkpoints.timestamp DESC 
 LIMIT %(param_1)s
2026-05-03 16:36:50,441 | INFO | sqlalchemy.engine.Engine | [cached since 272.2s ago] {'user_id_1': 101, 'param_1': 1}
2026-05-03 16:36:50,457 | INFO | recovery_system | Checkpoint fetched for user 101
2026-05-03 16:36:50,457 | INFO | recovery_system | Full recovery successful for user 101
2026-05-03 16:36:50,457 | INFO | recovery_system | Operation successful on attempt 1
2026-05-03 16:36:50,466 | INFO | sqlalchemy.engine.Engine | ROLLBACK
